// Jest Snapshot v1, https://goo.gl/fbAQLP

exports[`ReadExports ReadTsExports 1`] = `
[
  {
    "default": "fs",
    "end": 21,
    "library": "fs",
    "pos": 0,
  },
  {
    "bindings": [
      "promisify",
    ],
    "end": 55,
    "library": "util",
    "pos": 21,
  },
  {
    "bindings": [
      "compile",
      "CompilerOptions",
    ],
    "end": 111,
    "library": "./compiler",
    "pos": 55,
  },
  {
    "bindings": [
      "runCode",
    ],
    "end": 148,
    "library": "./runCode",
    "pos": 111,
  },
]
`;
